========================================
  法拍房信息查询工具（本地测试版）
  访问地址: http://localhost:3001
  数据来源: 阿里拍卖 (sf.taobao.com)
========================================
